\BOOKMARK [0][-]{section*.1}{\376\377\144\130\000\040\211\201\000\040}{}% 1
\BOOKMARK [0][-]{section*.2}{\376\377\000A\000b\000s\000t\000r\000a\000c\000t\000\040}{}% 2
\BOOKMARK [0][-]{section*.3}{\376\377\166\356\000\040\137\125\000\040}{}% 3
\BOOKMARK [0][-]{chapter.1}{\376\377\173\054\0001\172\340\000\040\176\352\213\272}{}% 4
\BOOKMARK [1][-]{section.1.1}{\376\377\173\054\0001\202\202\000\040\170\024\172\166\200\314\146\157\116\016\225\356\230\230\143\021\142\030}{chapter.1}% 5
\BOOKMARK [1][-]{section.1.2}{\376\377\173\054\0002\202\202\000\040\116\073\211\201\135\345\117\134\116\016\215\041\163\056}{chapter.1}% 6
\BOOKMARK [1][-]{section.1.3}{\376\377\173\054\0003\202\202\000\040\213\272\145\207\176\304\176\307\176\323\147\204}{chapter.1}% 7
\BOOKMARK [0][-]{chapter.2}{\376\377\173\054\0002\172\340\000\040\200\314\146\157\167\345\213\306\116\016\166\370\121\163\135\345\117\134}{}% 8
\BOOKMARK [1][-]{section.2.1}{\376\377\173\054\0001\202\202\000\040\143\007\145\160\130\236\137\072\116\016\176\304\124\010\117\030\123\026\166\204\164\006\213\272\127\372\170\100}{chapter.2}% 9
\BOOKMARK [2][-]{subsection.2.1.1}{\376\377\0002\000.\0001\000.\0001\000\040\116\073\122\250\173\241\164\006\127\372\147\054\133\232\137\213\116\016\117\040\217\223\174\373\145\160}{section.2.1}% 10
\BOOKMARK [2][-]{subsection.2.1.2}{\376\377\0002\000.\0001\000.\0002\000\040\131\032\126\340\133\120\000\040\000a\000l\000p\000h\000a\000\040\117\341\123\367\116\016\147\072\126\150\133\146\116\140\230\204\155\113}{section.2.1}% 11
\BOOKMARK [2][-]{subsection.2.1.3}{\376\377\0002\000.\0001\000.\0003\000\040\176\304\124\010\117\030\123\026\145\271\154\325\214\061\174\373\116\016\176\246\147\137\117\123\174\373}{section.2.1}% 12
\BOOKMARK [2][-]{subsection.2.1.4}{\376\377\0002\000.\0001\000.\0004\000\040\123\117\145\271\135\356\117\060\213\241\116\016\213\357\135\356\147\000\131\047\123\026}{section.2.1}% 13
\BOOKMARK [1][-]{section.2.2}{\376\377\173\054\0002\202\202\000\040\116\015\170\156\133\232\140\047\221\317\123\026\116\016\000\040\000C\000o\000n\000f\000o\000r\000m\000a\000l\000\040\000P\000r\000e\000d\000i\000c\000t\000i\000o\000n}{chapter.2}% 14
\BOOKMARK [2][-]{subsection.2.2.1}{\376\377\0002\000.\0002\000.\0001\000\040\000C\000o\000n\000f\000o\000r\000m\000a\000l\000\040\000P\000r\000e\000d\000i\000c\000t\000i\000o\000n\000\040\150\106\147\266\116\016\211\206\166\326\117\335\213\301}{section.2.2}% 15
\BOOKMARK [2][-]{subsection.2.2.2}{\376\377\0002\000.\0002\000.\0002\000\040\147\141\116\366\211\206\166\326\116\016\116\343\210\150\140\047\123\330\117\123}{section.2.2}% 16
\BOOKMARK [2][-]{subsection.2.2.3}{\376\377\0002\000.\0002\000.\0003\000\040\221\321\207\215\145\366\136\217\116\055\166\204\211\206\166\326\120\117\135\356\116\016\201\352\220\002\136\224\000\040\000C\000o\000n\000f\000o\000r\000m\000a\000l}{section.2.2}% 17
\BOOKMARK [1][-]{section.2.3}{\376\377\173\054\0003\202\202\000\040\147\054\172\340\134\017\176\323}{chapter.2}% 18
\BOOKMARK [0][-]{chapter.3}{\376\377\173\054\0003\172\340\000\040\143\007\145\160\130\236\137\072\176\304\124\010\117\030\123\026\173\227\154\325\166\204\213\276\213\241\116\016\133\236\163\260}{}% 19
\BOOKMARK [1][-]{section.3.1}{\376\377\173\054\0001\202\202\000\040\174\373\176\337\145\164\117\123\150\106\147\266}{chapter.3}% 20
\BOOKMARK [1][-]{section.3.2}{\376\377\173\054\0002\202\202\000\040\176\246\147\137\127\213\131\032\126\340\133\120\176\304\124\010\117\030\123\026\173\227\154\325}{chapter.3}% 21
\BOOKMARK [2][-]{subsection.3.2.1}{\376\377\0003\000.\0002\000.\0001\000\040\117\030\123\026\225\356\230\230\166\204\137\142\137\017\123\026}{section.3.2}% 22
\BOOKMARK [2][-]{subsection.3.2.2}{\376\377\0003\000.\0002\000.\0002\000\040\123\117\145\271\135\356\117\060\213\241\116\016\145\160\120\074\172\063\120\145\140\047}{section.3.2}% 23
\BOOKMARK [2][-]{subsection.3.2.3}{\376\377\0003\000.\0002\000.\0003\000\040\173\227\154\325\143\317\217\360\116\016\131\015\147\102\136\246}{section.3.2}% 24
\BOOKMARK [1][-]{section.3.3}{\376\377\173\054\0003\202\202\000\040\116\015\170\156\133\232\140\047\141\037\167\345\166\204\176\304\124\010\117\030\123\026\142\151\134\125}{chapter.3}% 25
\BOOKMARK [2][-]{subsection.3.3.1}{\376\377\0003\000.\0003\000.\0001\000\040\127\372\116\216\000\040\000C\000o\000n\000f\000o\000r\000m\000a\000l\000\040\000P\000r\000e\000d\000i\000c\000t\000i\000o\000n\000\040\166\204\177\156\117\341\136\246\147\204\220\040}{section.3.3}% 26
\BOOKMARK [2][-]{subsection.3.3.2}{\376\377\0003\000.\0003\000.\0002\000\040\116\011\171\315\177\156\117\341\122\240\147\103\145\271\150\110}{section.3.3}% 27
\BOOKMARK [2][-]{subsection.3.3.3}{\376\377\0003\000.\0003\000.\0003\000\040\116\015\170\156\133\232\140\047\141\037\167\345\117\030\123\026\173\227\154\325}{section.3.3}% 28
\BOOKMARK [0][-]{chapter.4}{\376\377\173\054\0004\172\340\000\040\133\236\232\214\116\016\122\006\147\220}{}% 29
\BOOKMARK [1][-]{section.4.1}{\376\377\173\054\0001\202\202\000\040\133\236\232\214\163\257\130\203\116\016\145\271\150\110}{chapter.4}% 30
\BOOKMARK [2][-]{subsection.4.1.1}{\376\377\0004\000.\0001\000.\0001\000\040\217\157\170\154\116\366\163\257\130\203\116\016\145\160\143\156\226\306}{section.4.1}% 31
\BOOKMARK [2][-]{subsection.4.1.2}{\376\377\0004\000.\0001\000.\0002\000\040\213\304\116\367\143\007\150\007\116\016\133\236\232\214\145\271\150\110}{section.4.1}% 32
\BOOKMARK [1][-]{section.4.2}{\376\377\173\054\0002\202\202\000\040\133\236\232\214\176\323\147\234\116\016\122\006\147\220}{chapter.4}% 33
\BOOKMARK [2][-]{subsection.4.2.1}{\376\377\0004\000.\0002\000.\0001\000\040\176\246\147\137\176\304\124\010\117\030\123\026\173\227\154\325\166\204\130\236\166\312}{section.4.2}% 34
\BOOKMARK [2][-]{subsection.4.2.2}{\376\377\0004\000.\0002\000.\0002\000\040\176\246\147\137\147\141\116\366\155\210\207\215}{section.4.2}% 35
\BOOKMARK [2][-]{subsection.4.2.3}{\376\377\0004\000.\0002\000.\0003\000\040\116\015\170\156\133\232\140\047\141\037\167\345\142\151\134\125\166\204\213\304\117\060}{section.4.2}% 36
\BOOKMARK [2][-]{subsection.4.2.4}{\376\377\0004\000.\0002\000.\0004\000\040\176\374\124\010\173\126\165\145\133\371\153\324\116\016\172\063\120\145\140\047}{section.4.2}% 37
\BOOKMARK [1][-]{section.4.3}{\376\377\173\054\0003\202\202\000\040\147\054\172\340\134\017\176\323}{chapter.4}% 38
\BOOKMARK [0][-]{chapter.5}{\376\377\173\054\0005\172\340\000\040\140\073\176\323\116\016\134\125\147\033}{}% 39
\BOOKMARK [1][-]{section.5.1}{\376\377\173\054\0001\202\202\000\040\135\345\117\134\140\073\176\323}{chapter.5}% 40
\BOOKMARK [1][-]{section.5.2}{\376\377\173\054\0002\202\202\000\040\134\100\226\120\116\016\147\052\147\145\134\125\147\033}{chapter.5}% 41
\BOOKMARK [0][-]{section*.23}{\376\377\201\364\000\040\214\042\000\040}{}% 42
\BOOKMARK [0][-]{section*.23}{\376\377\116\052\116\272\173\200\123\206\000\040}{}% 43
